
Discarded input sections

 .group         0x0000000000000000        0x8 /tmp/cc88IEN0.o
 .group         0x0000000000000000        0x8 /tmp/cc88IEN0.o
 .group         0x0000000000000000        0x8 /tmp/cc88IEN0.o
 .group         0x0000000000000000        0x8 /tmp/cc88IEN0.o
 .group         0x0000000000000000        0x8 /tmp/cc88IEN0.o
 .group         0x0000000000000000        0x8 /tmp/cc88IEN0.o
 .group         0x0000000000000000        0x8 /tmp/cc88IEN0.o
 .group         0x0000000000000000        0x8 /tmp/cc88IEN0.o
 .group         0x0000000000000000        0x8 /tmp/cc88IEN0.o
 .group         0x0000000000000000        0x8 /tmp/cc88IEN0.o
 .group         0x0000000000000000        0x8 /tmp/cc88IEN0.o
 .group         0x0000000000000000        0x8 /tmp/cc88IEN0.o
 .group         0x0000000000000000        0x8 /tmp/ccd1ra6o.o
 .group         0x0000000000000000        0x8 /tmp/ccd1ra6o.o
 .group         0x0000000000000000        0x8 /tmp/ccd1ra6o.o
 .group         0x0000000000000000        0x8 /tmp/ccd1ra6o.o
 .group         0x0000000000000000        0x8 /tmp/ccd1ra6o.o
 .group         0x0000000000000000        0x8 /tmp/ccd1ra6o.o
 .group         0x0000000000000000        0x8 /tmp/ccd1ra6o.o
 .group         0x0000000000000000        0x8 /tmp/ccd1ra6o.o
 .group         0x0000000000000000        0x8 /tmp/ccd1ra6o.o

Memory Configuration

Name             Origin             Length             Attributes
flash            0x0000000008000000 0x0000000000010000
ram              0x0000000020000000 0x0000000000005000
*default*        0x0000000000000000 0xffffffffffffffff

Linker script and memory map

LOAD /tmp/cc88IEN0.o
LOAD /tmp/ccd1ra6o.o
LOAD /tmp/ccbSjyyN.o
LOAD /tmp/ccSSxe9b.o
START GROUP
LOAD /usr/local/gcc-arm-none-eabi-6-2017-q2-update/bin/../lib/gcc/arm-none-eabi/6.3.1/thumb/v7-m/libgcc.a
LOAD /usr/local/gcc-arm-none-eabi-6-2017-q2-update/bin/../lib/gcc/arm-none-eabi/6.3.1/../../../../arm-none-eabi/lib/thumb/v7-m/libg.a
LOAD /usr/local/gcc-arm-none-eabi-6-2017-q2-update/bin/../lib/gcc/arm-none-eabi/6.3.1/../../../../arm-none-eabi/lib/thumb/v7-m/libc.a
END GROUP
                0x0000000008000000                . = ORIGIN (flash)

.text           0x0000000008000000     0x3f84
 *(.vectors)
 .vectors       0x0000000008000000      0x130 /tmp/ccbSjyyN.o
 *(.text)
 .text          0x0000000008000130     0x1b5c /tmp/cc88IEN0.o
                0x0000000008000130                setup()
                0x0000000008000144                loop()
                0x00000000080002d4                Bunclody17()
                0x0000000008000338                PlayBrici()
                0x0000000008000c4c                PlayInvaders()
                0x0000000008001c10                Explode(unsigned short, unsigned short)
 .text          0x0000000008001c8c      0xc48 /tmp/ccd1ra6o.o
                0x0000000008001c8c                Console::begin()
                0x0000000008001d50                Console::initDisplay()
                0x000000000800201a                Console::putPixel(unsigned short, unsigned short, unsigned short)
                0x0000000008002060                Console::putImage(unsigned short, unsigned short, unsigned short, unsigned short, unsigned short const*)
                0x00000000080020e4                Console::fillRectangle(unsigned short, unsigned short, unsigned short, unsigned short, unsigned short)
                0x000000000800215e                Console::putText(char const*, unsigned short, unsigned short, unsigned short, unsigned short, unsigned short)
                0x0000000008002270                Console::putNumber(unsigned short, unsigned short, unsigned short, unsigned short, unsigned short)
                0x0000000008002378                Console::output_byte(unsigned char)
                0x00000000080023d0                Console::Write_Command(unsigned short)
                0x000000000800241c                Console::Write_Data(unsigned short)
                0x0000000008002468                Console::Write_Command_Data(unsigned short, unsigned short)
                0x0000000008002494                Console::openAperture(unsigned short, unsigned short, unsigned short, unsigned short)
                0x0000000008002500                Console::setupButtons()
                0x0000000008002554                Console::LeftPressed()
                0x0000000008002588                Console::RightPressed()
                0x00000000080025bc                Console::FirePressed()
                0x000000000800260c                Console::initSound()
                0x0000000008002658                Console::playTone(unsigned long, unsigned long)
                0x00000000080026dc                Console::stopTone()
                0x000000000800271c                Console::SoundPlaying()
                0x000000000800273c                Console::playMelody(unsigned long const*, unsigned long const*, int)
                0x00000000080027a2                Console::sleep(unsigned long)
                0x00000000080027de                Console::random(unsigned long, unsigned long)
                0x000000000800280e                Console::prbs()
                0x0000000008002880                onMillisecond()
 .text          0x00000000080028d4      0x298 /tmp/ccbSjyyN.o
                0x00000000080028d4                initClocks()
                0x000000000800299c                registerMillisecondCallback(void*)
                0x00000000080029b8                SysTick_Handler()
                0x00000000080029d4                initSysTick()
                0x0000000008002a00                init()
                0x0000000008002abc                Default_Handler()
                0x0000000008002ac2                __aeabi_unwind_cpp_pr0
                0x0000000008002ace                __aeabi_unwind_cpp_pr1
                0x0000000008002ada                __aeabi_unwind_cpp_pr2
                0x0000000008002ae6                __gxx_personality_v0
                0x0000000008002af2                __cxa_end_cleanup
                0x0000000008002afe                malloc
                0x0000000008002b12                free
                0x0000000008002b24                operator new(unsigned int)
                0x0000000008002b3c                operator delete(void*)
                0x0000000008002b52                __aeabi_atexit
 .text          0x0000000008002b6c      0x4b0 /tmp/ccSSxe9b.o
                0x0000000008002b6c                ReadCom(int, char*)
                0x0000000008002be8                WriteCom(int, char const*)
                0x0000000008002c84                initUART(int)
                0x0000000008002dbc                USART2_Handler()
                0x0000000008002dfc                usart_rx()
                0x0000000008002e34                usart_tx()
                0x0000000008002e98                PutBuf(tagComBuffer*, unsigned char)
                0x0000000008002ef4                GetBuf(tagComBuffer*)
                0x0000000008002f40                GetBufCount(tagComBuffer*)
                0x0000000008002f56                eputs(char const*)
                0x0000000008002f94                egets(char*, int)
 *(.rodata)
 .rodata        0x000000000800301c      0xc2c /tmp/cc88IEN0.o
 .rodata        0x0000000008003c48      0x1f0 /tmp/ccd1ra6o.o
 *(.comment)
 .comment       0x0000000008003e38       0x7f /tmp/cc88IEN0.o
                                         0x80 (size before relaxing)
 .comment       0x0000000008003eb7       0x80 /tmp/ccd1ra6o.o
 .comment       0x0000000008003eb7       0x80 /tmp/ccbSjyyN.o
 .comment       0x0000000008003eb7       0x80 /tmp/ccSSxe9b.o
 *(.ARM.attributes)
 .ARM.attributes
                0x0000000008003eb7       0x33 /tmp/cc88IEN0.o
 .ARM.attributes
                0x0000000008003eea       0x33 /tmp/ccd1ra6o.o
 .ARM.attributes
                0x0000000008003f1d       0x33 /tmp/ccbSjyyN.o
 .ARM.attributes
                0x0000000008003f50       0x33 /tmp/ccSSxe9b.o
                0x0000000008003f84                . = ALIGN (0x4)
 *fill*         0x0000000008003f83        0x1 

.glue_7         0x0000000008003f84        0x0
 .glue_7        0x0000000008003f84        0x0 linker stubs

.glue_7t        0x0000000008003f84        0x0
 .glue_7t       0x0000000008003f84        0x0 linker stubs

.vfp11_veneer   0x0000000008003f84        0x0
 .vfp11_veneer  0x0000000008003f84        0x0 linker stubs

.v4_bx          0x0000000008003f84        0x0
 .v4_bx         0x0000000008003f84        0x0 linker stubs

.text._ZN6SpriteC2EPKttthh
                0x0000000008003f84       0x46
 .text._ZN6SpriteC2EPKttthh
                0x0000000008003f84       0x46 /tmp/cc88IEN0.o
                0x0000000008003f84                Sprite::Sprite(unsigned short const*, unsigned short, unsigned short, unsigned char, unsigned char)
                0x0000000008003f84                Sprite::Sprite(unsigned short const*, unsigned short, unsigned short, unsigned char, unsigned char)

.text._ZN6Sprite4showEv
                0x0000000008003fcc       0x48
 .text._ZN6Sprite4showEv
                0x0000000008003fcc       0x48 /tmp/cc88IEN0.o
                0x0000000008003fcc                Sprite::show()

.text._ZN6Sprite6redrawEv
                0x0000000008004014       0x44
 .text._ZN6Sprite6redrawEv
                0x0000000008004014       0x44 /tmp/cc88IEN0.o
                0x0000000008004014                Sprite::redraw()

.text._ZN6Sprite4hideEv
                0x0000000008004058       0x48
 .text._ZN6Sprite4hideEv
                0x0000000008004058       0x48 /tmp/cc88IEN0.o
                0x0000000008004058                Sprite::hide()

.text._ZN6Sprite4getXEv
                0x00000000080040a0       0x16
 .text._ZN6Sprite4getXEv
                0x00000000080040a0       0x16 /tmp/cc88IEN0.o
                0x00000000080040a0                Sprite::getX()

.text._ZN6Sprite4getYEv
                0x00000000080040b6       0x16
 .text._ZN6Sprite4getYEv
                0x00000000080040b6       0x16 /tmp/cc88IEN0.o
                0x00000000080040b6                Sprite::getY()

.text._ZN6Sprite8getWidthEv
                0x00000000080040cc       0x16
 .text._ZN6Sprite8getWidthEv
                0x00000000080040cc       0x16 /tmp/cc88IEN0.o
                0x00000000080040cc                Sprite::getWidth()

.text._ZN6Sprite9getHeightEv
                0x00000000080040e2       0x16
 .text._ZN6Sprite9getHeightEv
                0x00000000080040e2       0x16 /tmp/cc88IEN0.o
                0x00000000080040e2                Sprite::getHeight()

.text._ZN6Sprite4moveEtt
                0x00000000080040f8       0x88
 .text._ZN6Sprite4moveEtt
                0x00000000080040f8       0x88 /tmp/cc88IEN0.o
                0x00000000080040f8                Sprite::move(unsigned short, unsigned short)

.text._ZN6Sprite7visibleEv
                0x0000000008004180       0x18
 .text._ZN6Sprite7visibleEv
                0x0000000008004180       0x18 /tmp/cc88IEN0.o
                0x0000000008004180                Sprite::visible()

.text._ZN6Sprite6withinEtt
                0x0000000008004198       0x68
 .text._ZN6Sprite6withinEtt
                0x0000000008004198       0x68 /tmp/cc88IEN0.o
                0x0000000008004198                Sprite::within(unsigned short, unsigned short)

.text._ZN6Sprite8touchingEtt
                0x0000000008004200       0xe4
 .text._ZN6Sprite8touchingEtt
                0x0000000008004200       0xe4 /tmp/cc88IEN0.o
                0x0000000008004200                Sprite::touching(unsigned short, unsigned short)

.iplt           0x00000000080042e4        0x0
 .iplt          0x00000000080042e4        0x0 /tmp/cc88IEN0.o

.text._ZN7Console5WRLowEv
                0x00000000080042e4       0x1c
 .text._ZN7Console5WRLowEv
                0x00000000080042e4       0x1c /tmp/ccd1ra6o.o
                0x00000000080042e4                Console::WRLow()

.text._ZN7Console6WRHighEv
                0x0000000008004300       0x1c
 .text._ZN7Console6WRHighEv
                0x0000000008004300       0x1c /tmp/ccd1ra6o.o
                0x0000000008004300                Console::WRHigh()

.text._ZN7Console11CommandModeEv
                0x000000000800431c       0x1c
 .text._ZN7Console11CommandModeEv
                0x000000000800431c       0x1c /tmp/ccd1ra6o.o
                0x000000000800431c                Console::CommandMode()

.text._ZN7Console8DataModeEv
                0x0000000008004338       0x1c
 .text._ZN7Console8DataModeEv
                0x0000000008004338       0x1c /tmp/ccd1ra6o.o
                0x0000000008004338                Console::DataMode()

.text._ZN7Console5CSLowEv
                0x0000000008004354       0x1c
 .text._ZN7Console5CSLowEv
                0x0000000008004354       0x1c /tmp/ccd1ra6o.o
                0x0000000008004354                Console::CSLow()

.text._ZN7Console6CSHighEv
                0x0000000008004370       0x1c
 .text._ZN7Console6CSHighEv
                0x0000000008004370       0x1c /tmp/ccd1ra6o.o
                0x0000000008004370                Console::CSHigh()

.text._ZN7Console6RDHighEv
                0x000000000800438c       0x1c
 .text._ZN7Console6RDHighEv
                0x000000000800438c       0x1c /tmp/ccd1ra6o.o
                0x000000000800438c                Console::RDHigh()

.text._ZN7Console6RSTLowEv
                0x00000000080043a8       0x20
 .text._ZN7Console6RSTLowEv
                0x00000000080043a8       0x20 /tmp/ccd1ra6o.o
                0x00000000080043a8                Console::RSTLow()

.text._ZN7Console7RSTHighEv
                0x00000000080043c8       0x20
 .text._ZN7Console7RSTHighEv
                0x00000000080043c8       0x20 /tmp/ccd1ra6o.o
                0x00000000080043c8                Console::RSTHigh()

.rel.dyn        0x00000000080043e8        0x0
 .rel.iplt      0x00000000080043e8        0x0 /tmp/cc88IEN0.o

.ctors          0x00000000080043e8        0x0
                0x00000000080043e8                PROVIDE (__ctors_start__, .)
 *(SORT(.ctors*))
 *(.ctors)
                0x00000000080043e8                PROVIDE (__ctors_end__, .)

.dtors          0x00000000080043e8        0x0
                [!provide]                        PROVIDE (__dtors_start__, .)
 *(SORT(.dtors*))
 *(.dtors)
                [!provide]                        PROVIDE (__dtors_end__, .)
                0x0000000020000000                . = ORIGIN (ram)

.data           0x0000000020000000        0x4 load address 0x00000000080043e8
                0x00000000080043e8                INIT_DATA_VALUES = LOADADDR (.data)
                0x0000000020000000                INIT_DATA_START = .
 *(.data)
 .data          0x0000000020000000        0x0 /tmp/cc88IEN0.o
 .data          0x0000000020000000        0x4 /tmp/ccd1ra6o.o
 .data          0x0000000020000004        0x0 /tmp/ccbSjyyN.o
 .data          0x0000000020000004        0x0 /tmp/ccSSxe9b.o
                0x0000000020000004                INIT_DATA_END = .
                0x0000000020000004                . = ALIGN (0x4)
                0x0000000020000004                BSS_START = .

.igot.plt       0x0000000020000004        0x0 load address 0x00000000080043ec
 .igot.plt      0x0000000020000004        0x0 /tmp/cc88IEN0.o

.bss            0x0000000020000004       0xc0 load address 0x00000000080043ec
 *(.bss)
 .bss           0x0000000020000004        0x1 /tmp/cc88IEN0.o
                0x0000000020000004                GameStarted
 *fill*         0x0000000020000005        0x3 
 .bss           0x0000000020000008       0x14 /tmp/ccd1ra6o.o
                0x0000000020000008                console
 .bss           0x000000002000001c        0x4 /tmp/ccbSjyyN.o
                0x000000002000001c                Console_tick
 .bss           0x0000000020000020       0xa4 /tmp/ccSSxe9b.o
                0x0000000020000020                ComRXBuffer
                0x000000002000006c                ComTXBuffer
                0x00000000200000b8                ComOpen
                0x00000000200000bc                ComError
                0x00000000200000c0                ComBusy
                0x00000000200000c4                . = ALIGN (0x4)
                0x00000000200000c4                BSS_END = .
OUTPUT(main.elf elf32-littlearm)

.debug_info     0x0000000000000000     0x3924
 .debug_info    0x0000000000000000      0xe27 /tmp/cc88IEN0.o
 .debug_info    0x0000000000000e27     0x113d /tmp/ccd1ra6o.o
 .debug_info    0x0000000000001f64     0x127b /tmp/ccbSjyyN.o
 .debug_info    0x00000000000031df      0x745 /tmp/ccSSxe9b.o

.debug_abbrev   0x0000000000000000      0xa57
 .debug_abbrev  0x0000000000000000      0x278 /tmp/cc88IEN0.o
 .debug_abbrev  0x0000000000000278      0x2a1 /tmp/ccd1ra6o.o
 .debug_abbrev  0x0000000000000519      0x38e /tmp/ccbSjyyN.o
 .debug_abbrev  0x00000000000008a7      0x1b0 /tmp/ccSSxe9b.o

.debug_aranges  0x0000000000000000      0x128
 .debug_aranges
                0x0000000000000000       0x80 /tmp/cc88IEN0.o
 .debug_aranges
                0x0000000000000080       0x68 /tmp/ccd1ra6o.o
 .debug_aranges
                0x00000000000000e8       0x20 /tmp/ccbSjyyN.o
 .debug_aranges
                0x0000000000000108       0x20 /tmp/ccSSxe9b.o

.debug_ranges   0x0000000000000000       0xc8
 .debug_ranges  0x0000000000000000       0x70 /tmp/cc88IEN0.o
 .debug_ranges  0x0000000000000070       0x58 /tmp/ccd1ra6o.o

.debug_line     0x0000000000000000      0xd2d
 .debug_line    0x0000000000000000      0x50a /tmp/cc88IEN0.o
 .debug_line    0x000000000000050a      0x342 /tmp/ccd1ra6o.o
 .debug_line    0x000000000000084c      0x32b /tmp/ccbSjyyN.o
 .debug_line    0x0000000000000b77      0x1b6 /tmp/ccSSxe9b.o

.debug_str      0x0000000000000000     0x1561
 .debug_str     0x0000000000000000      0x9f0 /tmp/cc88IEN0.o
                                        0xa77 (size before relaxing)
 .debug_str     0x00000000000009f0      0x1c1 /tmp/ccd1ra6o.o
                                        0x89f (size before relaxing)
 .debug_str     0x0000000000000bb1      0x736 /tmp/ccbSjyyN.o
                                        0x99b (size before relaxing)
 .debug_str     0x00000000000012e7      0x27a /tmp/ccSSxe9b.o
                                        0x4ad (size before relaxing)

.debug_frame    0x0000000000000000      0xbcc
 .debug_frame   0x0000000000000000      0x2d4 /tmp/cc88IEN0.o
 .debug_frame   0x00000000000002d4      0x52c /tmp/ccd1ra6o.o
 .debug_frame   0x0000000000000800      0x22c /tmp/ccbSjyyN.o
 .debug_frame   0x0000000000000a2c      0x1a0 /tmp/ccSSxe9b.o

Cross Reference Table

Symbol                                            File
BSS_END                                           /tmp/ccbSjyyN.o
BSS_START                                         /tmp/ccbSjyyN.o
Bunclody17()                                      /tmp/cc88IEN0.o
ComBusy                                           /tmp/ccSSxe9b.o
ComError                                          /tmp/ccSSxe9b.o
ComOpen                                           /tmp/ccSSxe9b.o
ComRXBuffer                                       /tmp/ccSSxe9b.o
ComTXBuffer                                       /tmp/ccSSxe9b.o
Console::CSHigh()                                 /tmp/ccd1ra6o.o
Console::CSLow()                                  /tmp/ccd1ra6o.o
Console::CommandMode()                            /tmp/ccd1ra6o.o
Console::DataMode()                               /tmp/ccd1ra6o.o
Console::FirePressed()                            /tmp/ccd1ra6o.o
                                                  /tmp/cc88IEN0.o
Console::LeftPressed()                            /tmp/ccd1ra6o.o
                                                  /tmp/cc88IEN0.o
Console::RDHigh()                                 /tmp/ccd1ra6o.o
Console::RSTHigh()                                /tmp/ccd1ra6o.o
Console::RSTLow()                                 /tmp/ccd1ra6o.o
Console::RightPressed()                           /tmp/ccd1ra6o.o
                                                  /tmp/cc88IEN0.o
Console::SoundPlaying()                           /tmp/ccd1ra6o.o
Console::WRHigh()                                 /tmp/ccd1ra6o.o
Console::WRLow()                                  /tmp/ccd1ra6o.o
Console::Write_Command(unsigned short)            /tmp/ccd1ra6o.o
Console::Write_Command_Data(unsigned short, unsigned short) /tmp/ccd1ra6o.o
Console::Write_Data(unsigned short)               /tmp/ccd1ra6o.o
Console::begin()                                  /tmp/ccd1ra6o.o
                                                  /tmp/cc88IEN0.o
Console::fillRectangle(unsigned short, unsigned short, unsigned short, unsigned short, unsigned short) /tmp/ccd1ra6o.o
                                                  /tmp/cc88IEN0.o
Console::initDisplay()                            /tmp/ccd1ra6o.o
Console::initSound()                              /tmp/ccd1ra6o.o
Console::openAperture(unsigned short, unsigned short, unsigned short, unsigned short) /tmp/ccd1ra6o.o
Console::output_byte(unsigned char)               /tmp/ccd1ra6o.o
Console::playMelody(unsigned long const*, unsigned long const*, int) /tmp/ccd1ra6o.o
                                                  /tmp/cc88IEN0.o
Console::playTone(unsigned long, unsigned long)   /tmp/ccd1ra6o.o
                                                  /tmp/cc88IEN0.o
Console::prbs()                                   /tmp/ccd1ra6o.o
Console::putImage(unsigned short, unsigned short, unsigned short, unsigned short, unsigned short const*) /tmp/ccd1ra6o.o
                                                  /tmp/cc88IEN0.o
Console::putNumber(unsigned short, unsigned short, unsigned short, unsigned short, unsigned short) /tmp/ccd1ra6o.o
                                                  /tmp/cc88IEN0.o
Console::putPixel(unsigned short, unsigned short, unsigned short) /tmp/ccd1ra6o.o
Console::putText(char const*, unsigned short, unsigned short, unsigned short, unsigned short, unsigned short) /tmp/ccd1ra6o.o
                                                  /tmp/cc88IEN0.o
Console::random(unsigned long, unsigned long)     /tmp/ccd1ra6o.o
                                                  /tmp/cc88IEN0.o
Console::setupButtons()                           /tmp/ccd1ra6o.o
Console::sleep(unsigned long)                     /tmp/ccd1ra6o.o
                                                  /tmp/cc88IEN0.o
Console::stopTone()                               /tmp/ccd1ra6o.o
Console_tick                                      /tmp/ccbSjyyN.o
Default_Handler()                                 /tmp/ccbSjyyN.o
Explode(unsigned short, unsigned short)           /tmp/cc88IEN0.o
GameStarted                                       /tmp/cc88IEN0.o
GetBuf(tagComBuffer*)                             /tmp/ccSSxe9b.o
GetBufCount(tagComBuffer*)                        /tmp/ccSSxe9b.o
INIT_DATA_END                                     /tmp/ccbSjyyN.o
INIT_DATA_START                                   /tmp/ccbSjyyN.o
INIT_DATA_VALUES                                  /tmp/ccbSjyyN.o
PlayBrici()                                       /tmp/cc88IEN0.o
PlayInvaders()                                    /tmp/cc88IEN0.o
PutBuf(tagComBuffer*, unsigned char)              /tmp/ccSSxe9b.o
ReadCom(int, char*)                               /tmp/ccSSxe9b.o
Sprite::Sprite(unsigned short const*, unsigned short, unsigned short, unsigned char, unsigned char) /tmp/cc88IEN0.o
Sprite::Sprite(unsigned short const*, unsigned short, unsigned short, unsigned char, unsigned char) /tmp/cc88IEN0.o
Sprite::getHeight()                               /tmp/cc88IEN0.o
Sprite::getWidth()                                /tmp/cc88IEN0.o
Sprite::getX()                                    /tmp/cc88IEN0.o
Sprite::getY()                                    /tmp/cc88IEN0.o
Sprite::hide()                                    /tmp/cc88IEN0.o
Sprite::move(unsigned short, unsigned short)      /tmp/cc88IEN0.o
Sprite::redraw()                                  /tmp/cc88IEN0.o
Sprite::show()                                    /tmp/cc88IEN0.o
Sprite::touching(unsigned short, unsigned short)  /tmp/cc88IEN0.o
Sprite::visible()                                 /tmp/cc88IEN0.o
Sprite::within(unsigned short, unsigned short)    /tmp/cc88IEN0.o
SysTick_Handler()                                 /tmp/ccbSjyyN.o
USART2_Handler()                                  /tmp/ccSSxe9b.o
                                                  /tmp/ccbSjyyN.o
WriteCom(int, char const*)                        /tmp/ccSSxe9b.o
__aeabi_atexit                                    /tmp/ccbSjyyN.o
__aeabi_unwind_cpp_pr0                            /tmp/ccbSjyyN.o
__aeabi_unwind_cpp_pr1                            /tmp/ccbSjyyN.o
__aeabi_unwind_cpp_pr2                            /tmp/ccbSjyyN.o
__ctors_end__                                     /tmp/ccbSjyyN.o
__ctors_start__                                   /tmp/ccbSjyyN.o
__cxa_end_cleanup                                 /tmp/ccbSjyyN.o
__gxx_personality_v0                              /tmp/ccbSjyyN.o
console                                           /tmp/ccd1ra6o.o
                                                  /tmp/cc88IEN0.o
egets(char*, int)                                 /tmp/ccSSxe9b.o
eputs(char const*)                                /tmp/ccSSxe9b.o
free                                              /tmp/ccbSjyyN.o
init()                                            /tmp/ccbSjyyN.o
initClocks()                                      /tmp/ccbSjyyN.o
initSysTick()                                     /tmp/ccbSjyyN.o
initUART(int)                                     /tmp/ccSSxe9b.o
loop()                                            /tmp/cc88IEN0.o
                                                  /tmp/ccbSjyyN.o
malloc                                            /tmp/ccbSjyyN.o
onMillisecond()                                   /tmp/ccd1ra6o.o
operator delete(void*)                            /tmp/ccbSjyyN.o
operator new(unsigned int)                        /tmp/ccbSjyyN.o
registerMillisecondCallback(void*)                /tmp/ccbSjyyN.o
                                                  /tmp/ccd1ra6o.o
setup()                                           /tmp/cc88IEN0.o
                                                  /tmp/ccbSjyyN.o
usart_rx()                                        /tmp/ccSSxe9b.o
usart_tx()                                        /tmp/ccSSxe9b.o
